npm notice run hemloop@0.1.0 npx
npm notice run 'wrangler' dev --config dist/server/wrangler.json --port 8789

 ⛅️ wrangler 4.127.0 (update available [32m4.128.0[39m)
[38;2;255;136;0m───────────────────────────────────────────────[39m
Attaching additional modules:
[90m┌───────────────────────────────────────────────────────────────────────────────────────────────────────────────────────────────[39m[90m┬──────[39m[90m┬────────────┐[39m
[90m│[39m[34m Name                                                                                                                          [39m[90m│[39m[34m Type [39m[90m│[39m[34m Size       [39m[90m│[39m
[90m├───────────────────────────────────────────────────────────────────────────────────────────────────────────────────────────────[39m[90m┼──────[39m[90m┼────────────┤[39m
[90m│[39m __vite_rsc_assets_manifest.js                                                                                                 [90m│[39m esm  [90m│[39m 3.17 KiB   [90m│[39m
[90m├───────────────────────────────────────────────────────────────────────────────────────────────────────────────────────────────[39m[90m┼──────[39m[90m┼────────────┤[39m
[90m│[39m _next/static/app-page-cache-D1zJqYQq.js                                                                                       [90m│[39m esm  [90m│[39m 5.07 KiB   [90m│[39m
[90m├───────────────────────────────────────────────────────────────────────────────────────────────────────────────────────────────[39m[90m┼──────[39m[90m┼────────────┤[39m
[90m│[39m _next/static/app-page-cache-finalizer-Bdop0euA.js                                                                             [90m│[39m esm  [90m│[39m 3.39 KiB   [90m│[39m
[90m├───────────────────────────────────────────────────────────────────────────────────────────────────────────────────────────────[39m[90m┼──────[39m[90m┼────────────┤[39m
[90m│[39m _next/static/app-page-cache-render-Bs89a3o7.js                                                                                [90m│[39m esm  [90m│[39m 1.87 KiB   [90m│[39m
[90m├───────────────────────────────────────────────────────────────────────────────────────────────────────────────────────────────[39m[90m┼──────[39m[90m┼────────────┤[39m
[90m│[39m _next/static/app-page-stream-CsXhIBDB.js                                                                                      [90m│[39m esm  [90m│[39m 9.70 KiB   [90m│[39m
[90m├───────────────────────────────────────────────────────────────────────────────────────────────────────────────────────────────[39m[90m┼──────[39m[90m┼────────────┤[39m
[90m│[39m _next/static/app-prerender-endpoints-CPiHxF-v.js                                                                              [90m│[39m esm  [90m│[39m 1.96 KiB   [90m│[39m
[90m├───────────────────────────────────────────────────────────────────────────────────────────────────────────────────────────────[39m[90m┼──────[39m[90m┼────────────┤[39m
[90m│[39m _next/static/app-prerender-static-params-DwX4XEo_.js                                                                          [90m│[39m esm  [90m│[39m 0.17 KiB   [90m│[39m
[90m├───────────────────────────────────────────────────────────────────────────────────────────────────────────────────────────────[39m[90m┼──────[39m[90m┼────────────┤[39m
[90m│[39m _next/static/app-route-handler-dispatch-aaIjLI7r.js                                                                           [90m│[39m esm  [90m│[39m 25.54 KiB  [90m│[39m
[90m├───────────────────────────────────────────────────────────────────────────────────────────────────────────────────────────────[39m[90m┼──────[39m[90m┼────────────┤[39m
[90m│[39m _next/static/app-segment-config-D7GEtbZr.js                                                                                   [90m│[39m esm  [90m│[39m 14.60 KiB  [90m│[39m
[90m├───────────────────────────────────────────────────────────────────────────────────────────────────────────────────────────────[39m[90m┼──────[39m[90m┼────────────┤[39m
[90m│[39m _next/static/app-static-generation-DhOT5QrC.js                                                                                [90m│[39m esm  [90m│[39m 0.89 KiB   [90m│[39m
[90m├───────────────────────────────────────────────────────────────────────────────────────────────────────────────────────────────[39m[90m┼──────[39m[90m┼────────────┤[39m
[90m│[39m _next/static/cache-headers-c9gfGAek.js                                                                                        [90m│[39m esm  [90m│[39m 45.69 KiB  [90m│[39m
[90m├───────────────────────────────────────────────────────────────────────────────────────────────────────────────────────────────[39m[90m┼──────[39m[90m┼────────────┤[39m
[90m│[39m _next/static/config-headers-1EMOlssn.js                                                                                       [90m│[39m esm  [90m│[39m 13.79 KiB  [90m│[39m
[90m├───────────────────────────────────────────────────────────────────────────────────────────────────────────────────────────────[39m[90m┼──────[39m[90m┼────────────┤[39m
[90m│[39m _next/static/framework~index-D_f8eBYi.js                                                                                      [90m│[39m esm  [90m│[39m 0.20 KiB   [90m│[39m
[90m├───────────────────────────────────────────────────────────────────────────────────────────────────────────────────────────────[39m[90m┼──────[39m[90m┼────────────┤[39m
[90m│[39m _next/static/framework~index~page~layout~page~page~app-page-cache-render~app-page-cache~app-route-handle~mgm2ah13-nUiG7-2G.js [90m│[39m esm  [90m│[39m 5.98 KiB   [90m│[39m
[90m├───────────────────────────────────────────────────────────────────────────────────────────────────────────────────────────────[39m[90m┼──────[39m[90m┼────────────┤[39m
[90m│[39m _next/static/framework~index~page~page~page~app-route-handler-dispatch-CnFsGD60.js                                            [90m│[39m esm  [90m│[39m 55.42 KiB  [90m│[39m
[90m├───────────────────────────────────────────────────────────────────────────────────────────────────────────────────────────────[39m[90m┼──────[39m[90m┼────────────┤[39m
[90m│[39m _next/static/implicit-tags-CGL7ft_N.js                                                                                        [90m│[39m esm  [90m│[39m 1.63 KiB   [90m│[39m
[90m├───────────────────────────────────────────────────────────────────────────────────────────────────────────────────────────────[39m[90m┼──────[39m[90m┼────────────┤[39m
[90m│[39m _next/static/isr-cache-C8op_zed.js                                                                                            [90m│[39m esm  [90m│[39m 4.81 KiB   [90m│[39m
[90m├───────────────────────────────────────────────────────────────────────────────────────────────────────────────────────────────[39m[90m┼──────[39m[90m┼────────────┤[39m
[90m│[39m _next/static/navigation-runtime-BkMLU0sa.js                                                                                   [90m│[39m esm  [90m│[39m 0.78 KiB   [90m│[39m
[90m├───────────────────────────────────────────────────────────────────────────────────────────────────────────────────────────────[39m[90m┼──────[39m[90m┼────────────┤[39m
[90m│[39m _next/static/page-CQyt5zO4.js                                                                                                 [90m│[39m esm  [90m│[39m 0.35 KiB   [90m│[39m
[90m├───────────────────────────────────────────────────────────────────────────────────────────────────────────────────────────────[39m[90m┼──────[39m[90m┼────────────┤[39m
[90m│[39m _next/static/page-CvegWxhy.js                                                                                                 [90m│[39m esm  [90m│[39m 0.34 KiB   [90m│[39m
[90m├───────────────────────────────────────────────────────────────────────────────────────────────────────────────────────────────[39m[90m┼──────[39m[90m┼────────────┤[39m
[90m│[39m _next/static/page-Dstd-zb1.js                                                                                                 [90m│[39m esm  [90m│[39m 0.36 KiB   [90m│[39m
[90m├───────────────────────────────────────────────────────────────────────────────────────────────────────────────────────────────[39m[90m┼──────[39m[90m┼────────────┤[39m
[90m│[39m _next/static/parse-cookie-DyvNPDA7.js                                                                                         [90m│[39m esm  [90m│[39m 1.42 KiB   [90m│[39m
[90m├───────────────────────────────────────────────────────────────────────────────────────────────────────────────────────────────[39m[90m┼──────[39m[90m┼────────────┤[39m
[90m│[39m _next/static/protocol-headers-DM2YjBp-.js                                                                                     [90m│[39m esm  [90m│[39m 0.33 KiB   [90m│[39m
[90m├───────────────────────────────────────────────────────────────────────────────────────────────────────────────────────────────[39m[90m┼──────[39m[90m┼────────────┤[39m
[90m│[39m _next/static/record-Ct16fMNv.js                                                                                               [90m│[39m esm  [90m│[39m 4.63 KiB   [90m│[39m
[90m├───────────────────────────────────────────────────────────────────────────────────────────────────────────────────────────────[39m[90m┼──────[39m[90m┼────────────┤[39m
[90m│[39m _next/static/request-context-Dol5qmD2.js                                                                                      [90m│[39m esm  [90m│[39m 0.34 KiB   [90m│[39m
[90m├───────────────────────────────────────────────────────────────────────────────────────────────────────────────────────────────[39m[90m┼──────[39m[90m┼────────────┤[39m
[90m│[39m _next/static/rolldown-runtime-DUnMT5BP.js                                                                                     [90m│[39m esm  [90m│[39m 0.68 KiB   [90m│[39m
[90m├───────────────────────────────────────────────────────────────────────────────────────────────────────────────────────────────[39m[90m┼──────[39m[90m┼────────────┤[39m
[90m│[39m _next/static/root-params-mhHSdxPG.js                                                                                          [90m│[39m esm  [90m│[39m 1.21 KiB   [90m│[39m
[90m├───────────────────────────────────────────────────────────────────────────────────────────────────────────────────────────────[39m[90m┼──────[39m[90m┼────────────┤[39m
[90m│[39m _next/static/rsc-BxOIQfRj.js                                                                                                  [90m│[39m esm  [90m│[39m 0.72 KiB   [90m│[39m
[90m├───────────────────────────────────────────────────────────────────────────────────────────────────────────────────────────────[39m[90m┼──────[39m[90m┼────────────┤[39m
[90m│[39m _next/static/text-stream-ar3j_GUb.js                                                                                          [90m│[39m esm  [90m│[39m 18.95 KiB  [90m│[39m
[90m├───────────────────────────────────────────────────────────────────────────────────────────────────────────────────────────────[39m[90m┼──────[39m[90m┼────────────┤[39m
[90m│[39m ssr/__vite_rsc_assets_manifest.js                                                                                             [90m│[39m esm  [90m│[39m 3.17 KiB   [90m│[39m
[90m├───────────────────────────────────────────────────────────────────────────────────────────────────────────────────────────────[39m[90m┼──────[39m[90m┼────────────┤[39m
[90m│[39m ssr/_next/static/app-prefetch-fetch-queue-BVv2gws5.js                                                                         [90m│[39m esm  [90m│[39m 0.00 KiB   [90m│[39m
[90m├───────────────────────────────────────────────────────────────────────────────────────────────────────────────────────────────[39m[90m┼──────[39m[90m┼────────────┤[39m
[90m│[39m ssr/_next/static/app-router-scroll-CNKUF7qe.js                                                                                [90m│[39m esm  [90m│[39m 2.49 KiB   [90m│[39m
[90m├───────────────────────────────────────────────────────────────────────────────────────────────────────────────────────────────[39m[90m┼──────[39m[90m┼────────────┤[39m
[90m│[39m ssr/_next/static/brand-Bg_6reyQ.js                                                                                            [90m│[39m esm  [90m│[39m 2.59 KiB   [90m│[39m
[90m├───────────────────────────────────────────────────────────────────────────────────────────────────────────────────────────────[39m[90m┼──────[39m[90m┼────────────┤[39m
[90m│[39m ssr/_next/static/closet-studio-BtkxHEa1.js                                                                                    [90m│[39m esm  [90m│[39m 10.11 KiB  [90m│[39m
[90m├───────────────────────────────────────────────────────────────────────────────────────────────────────────────────────────────[39m[90m┼──────[39m[90m┼────────────┤[39m
[90m│[39m ssr/_next/static/error-boundary-D3Nugtel.js                                                                                   [90m│[39m esm  [90m│[39m 5.27 KiB   [90m│[39m
[90m├───────────────────────────────────────────────────────────────────────────────────────────────────────────────────────────────[39m[90m┼──────[39m[90m┼────────────┤[39m
[90m│[39m ssr/_next/static/landing-4nvfmph0.js                                                                                          [90m│[39m esm  [90m│[39m 4.66 KiB   [90m│[39m
[90m├───────────────────────────────────────────────────────────────────────────────────────────────────────────────────────────────[39m[90m┼──────[39m[90m┼────────────┤[39m
[90m│[39m ssr/_next/static/layout-segment-context-B5cpM_wV.js                                                                           [90m│[39m esm  [90m│[39m 0.37 KiB   [90m│[39m
[90m├───────────────────────────────────────────────────────────────────────────────────────────────────────────────────────────────[39m[90m┼──────[39m[90m┼────────────┤[39m
[90m│[39m ssr/_next/static/proofframe-studio-NxYmTW9B.js                                                                                [90m│[39m esm  [90m│[39m 24.42 KiB  [90m│[39m
[90m├───────────────────────────────────────────────────────────────────────────────────────────────────────────────────────────────[39m[90m┼──────[39m[90m┼────────────┤[39m
[90m│[39m ssr/_next/static/static.edge-CxNQU6Jn.js                                                                                      [90m│[39m esm  [90m│[39m 0.16 KiB   [90m│[39m
[90m├───────────────────────────────────────────────────────────────────────────────────────────────────────────────────────────────[39m[90m┼──────[39m[90m┼────────────┤[39m
[90m│[39m ssr/_next/static/store-Hcta3YEz.js                                                                                            [90m│[39m esm  [90m│[39m 0.48 KiB   [90m│[39m
[90m├───────────────────────────────────────────────────────────────────────────────────────────────────────────────────────────────[39m[90m┼──────[39m[90m┼────────────┤[39m
[90m│[39m ssr/_next/static/streamed-icons-7Cy9BIGr.js                                                                                   [90m│[39m esm  [90m│[39m 0.67 KiB   [90m│[39m
[90m├───────────────────────────────────────────────────────────────────────────────────────────────────────────────────────────────[39m[90m┼──────[39m[90m┼────────────┤[39m
[90m│[39m ssr/_next/static/webmcp-CH5uZmqU.js                                                                                           [90m│[39m esm  [90m│[39m 52.17 KiB  [90m│[39m
[90m├───────────────────────────────────────────────────────────────────────────────────────────────────────────────────────────────[39m[90m┼──────[39m[90m┼────────────┤[39m
[90m│[39m ssr/index.js                                                                                                                  [90m│[39m esm  [90m│[39m 272.06 KiB [90m│[39m
[90m├───────────────────────────────────────────────────────────────────────────────────────────────────────────────────────────────[39m[90m┼──────[39m[90m┼────────────┤[39m
[90m│[39m ssr/vinext-client-assets.js                                                                                                   [90m│[39m esm  [90m│[39m 2.38 KiB   [90m│[39m
[90m├───────────────────────────────────────────────────────────────────────────────────────────────────────────────────────────────[39m[90m┼──────[39m[90m┼────────────┤[39m
[90m│[39m vinext-client-assets.js                                                                                                       [90m│[39m esm  [90m│[39m 2.38 KiB   [90m│[39m
[90m├───────────────────────────────────────────────────────────────────────────────────────────────────────────────────────────────[39m[90m┼──────[39m[90m┼────────────┤[39m
[90m│[39m Total (45 modules)                                                                                                            [90m│[39m      [90m│[39m 607.38 KiB [90m│[39m
[90m└───────────────────────────────────────────────────────────────────────────────────────────────────────────────────────────────[39m[90m┴──────[39m[90m┴────────────┘[39m
[2m⎔ Starting local server...[22m
[32m[wrangler:info][39m ✨ Parsed 1 valid header rule.
Wrangler detected this dev session is running in an AI agent.
The Local Explorer API is available at http://localhost:8789/cdn-cgi/local/explorer/api
Useful routes:
  GET http://localhost:8789/cdn-cgi/local/explorer/api/local/workers - local Workers and bindings
  GET http://localhost:8789/cdn-cgi/local/explorer/api/storage/kv/namespaces - KV namespaces
  GET http://localhost:8789/cdn-cgi/local/explorer/api/d1/database - D1 databases
  GET http://localhost:8789/cdn-cgi/local/explorer/api/r2/buckets - R2 buckets
  GET http://localhost:8789/cdn-cgi/local/explorer/api/workers/durable_objects/namespaces - Durable Object namespaces
  GET http://localhost:8789/cdn-cgi/local/explorer/api/workflows - Workflows
  POST http://localhost:8789/cdn-cgi/local/explorer/api/local/observability/query - run a read-only SQL query (SELECT/WITH only) over captured request traces and console logs. Tables: spans, logs (read attributes via json(attributes)). Example:
    curl -X POST http://localhost:8789/cdn-cgi/local/explorer/api/local/observability/query -H 'Content-Type: application/json' -d '{"sql":"SELECT service, name, outcome, duration_ms FROM spans WHERE parent_id IS NULL LIMIT 20"}'
If the routes above don't cover what you need, fetch the full OpenAPI schema (large - use only as a last resort):
  GET http://localhost:8789/cdn-cgi/local/explorer/api - OpenAPI schema
[32m[wrangler:info][39m Ready on [32mhttp://localhost:8789[39m
[32m[wrangler:info][39m [0m[1mGET[22m /closet [32m[1m200[22m OK [39m[90m(42ms)[39m[0m
[32m[wrangler:info][39m [0m[1mGET[22m /_next/static/css/index.AAEdZI-Q.css [32m[1m200[22m OK [39m[90m(5ms)[39m[0m
[32m[wrangler:info][39m [0m[1mGET[22m /_next/static/chunks/index-BgZe667v.js [32m[1m200[22m OK [39m[90m(6ms)[39m[0m
[32m[wrangler:info][39m [0m[1mGET[22m /_next/static/chunks/layout-segment-context-j8Sjix7D.js [32m[1m200[22m OK [39m[90m(7ms)[39m[0m
[32m[wrangler:info][39m [0m[1mGET[22m /_next/static/chunks/closet-studio-Vwyc2dLL.js [32m[1m200[22m OK [39m[90m(2ms)[39m[0m
[32m[wrangler:info][39m [0m[1mGET[22m /_next/static/chunks/webmcp-CYhg1RpG.js [32m[1m200[22m OK [39m[90m(3ms)[39m[0m
[32m[wrangler:info][39m [0m[1mGET[22m /_next/static/chunks/brand-DyHJJHI_.js [32m[1m200[22m OK [39m[90m(3ms)[39m[0m
[32m[wrangler:info][39m [0m[1mGET[22m /_next/static/chunks/store-Csvh4R0A.js [32m[1m200[22m OK [39m[90m(2ms)[39m[0m
[32m[wrangler:info][39m [0m[1mGET[22m /closet [32m[1m200[22m OK [39m[90m(7ms)[39m[0m
[32m[wrangler:info][39m [0m[1mGET[22m /studio [32m[1m200[22m OK [39m[90m(24ms)[39m[0m
[32m[wrangler:info][39m [0m[1mGET[22m /_next/static/chunks/proofframe-studio-DUlNHPhJ.js [32m[1m200[22m OK [39m[90m(3ms)[39m[0m
